
Memory Configuration

Name             Origin             Length             Attributes
mem              0x00000000         0x04000000         xrw
*default*        0x00000000         0xffffffff

Linker script and memory map

                0x00010000                . = 0x10000

.startup        0x00010000        0x8
 startup.o(.text)
 .text          0x00010000        0x8 startup.o
                0x00010000                reset

.text           0x00010008       0x68
 *(.text)
 .text          0x00010008       0x18 app.o
                0x00010008                main
 .text          0x00010020       0x50 uart.o
                0x00010020                Uart_send_string

.glue_7         0x00010070        0x0
 .glue_7        0x00000000        0x0 linker stubs

.glue_7t        0x00010070        0x0
 .glue_7t       0x00000000        0x0 linker stubs

.vfp11_veneer   0x00010070        0x0
 .vfp11_veneer  0x00000000        0x0 linker stubs

.v4_bx          0x00010070        0x0
 .v4_bx         0x00000000        0x0 linker stubs

.iplt           0x00010070        0x0
 .iplt          0x00000000        0x0 startup.o

.rel.dyn        0x00010070        0x0
 .rel.iplt      0x00000000        0x0 startup.o

.bss            0x00010070        0x0
 *(.bss)
 .bss           0x00010070        0x0 startup.o
 .bss           0x00010070        0x0 app.o
 .bss           0x00010070        0x0 uart.o

.data           0x00010070       0x64
 *(.data)
 .data          0x00010070        0x0 startup.o
 .data          0x00010070       0x64 app.o
                0x00010070                string_buffer
 .data          0x000100d4        0x0 uart.o
                0x000110d4                . = (. + 0x1000)
                0x000110d4                stack_top = .
LOAD startup.o
LOAD app.o
LOAD uart.o
OUTPUT(learn_in_depth.elf elf32-littlearm)

.igot.plt       0x000100d4        0x0 load address 0x000110d4
 .igot.plt      0x00000000        0x0 startup.o

.ARM.attributes
                0x00000000       0x2e
 .ARM.attributes
                0x00000000       0x22 startup.o
 .ARM.attributes
                0x00000022       0x32 app.o
 .ARM.attributes
                0x00000054       0x32 uart.o

.comment        0x00000000       0x11
 .comment       0x00000000       0x11 app.o
                                 0x12 (size before relaxing)
 .comment       0x00000000       0x12 uart.o
